Copyright 1986-2022 Xilinx, Inc. All Rights Reserved. Copyright 2022-2025 Advanced Micro Devices, Inc. All Rights Reserved.
--------------------------------------------------------------------------------------------------------------------------------------------------------------
| Tool Version      : Vivado v.2025.1 (win64) Build 6140274 Thu May 22 00:12:29 MDT 2025
| Date              : Sun May  3 19:49:29 2026
| Host              : DESKTOP-0UL7VKJ running 64-bit major release  (build 9200)
| Command           : report_bus_skew -warn_on_violation -file mac_core_bus_skew_routed.rpt -pb mac_core_bus_skew_routed.pb -rpx mac_core_bus_skew_routed.rpx
| Design            : mac_core
| Device            : xck26-sfvc784
| Speed File        : -2LV  PRODUCTION 1.30 05-15-2022
| Design State      : Routed
| Temperature Grade : C
--------------------------------------------------------------------------------------------------------------------------------------------------------------

Bus Skew Report

No bus skew constraints

