#-----------------------------------------------------------
# Vivado v2025.1 (64-bit)
# SW Build 6140274 on Thu May 22 00:12:29 MDT 2025
# IP Build 6138677 on Thu May 22 03:10:11 MDT 2025
# SharedData Build 6139179 on Tue May 20 17:58:58 MDT 2025
# Start of session at: Sun May  3 15:13:07 2026
# Process ID         : 22180
# Current directory  : C:/Users/nguye/Desktop/LAB/SoC/BTL/mac-tvla-verification/mac_core
# Command line       : vivado.exe -gui_launcher_event rodinguilauncherevent21600 C:\Users\nguye\Desktop\LAB\SoC\BTL\mac-tvla-verification\mac_core\mac_core.xpr
# Log file           : C:/Users/nguye/Desktop/LAB/SoC/BTL/mac-tvla-verification/mac_core/vivado.log
# Journal file       : C:/Users/nguye/Desktop/LAB/SoC/BTL/mac-tvla-verification/mac_core\vivado.jou
# Running On         : DESKTOP-0UL7VKJ
# Platform           : Windows Server 2016 or Windows 10
# Operating System   : 26200
# Processor Detail   : AMD Ryzen 5 5600H with Radeon Graphics         
# CPU Frequency      : 3294 MHz
# CPU Physical cores : 6
# CPU Logical cores  : 12
# Host memory        : 16474 MB
# Swap memory        : 8589 MB
# Total Virtual      : 25064 MB
# Available Virtual  : 6874 MB
#-----------------------------------------------------------
start_gui
open_project C:/Users/nguye/Desktop/LAB/SoC/BTL/mac-tvla-verification/mac_core/mac_core.xpr
update_compile_order -fileset sources_1
file mkdir C:/Users/nguye/Desktop/LAB/SoC/BTL/mac-tvla-verification/mac_core/mac_core.srcs/sources_1/new
close [ open C:/Users/nguye/Desktop/LAB/SoC/BTL/mac-tvla-verification/mac_core/mac_core.srcs/sources_1/new/pipeline_mac_core.v w ]
add_files C:/Users/nguye/Desktop/LAB/SoC/BTL/mac-tvla-verification/mac_core/mac_core.srcs/sources_1/new/pipeline_mac_core.v
update_compile_order -fileset sources_1
# Disabling source management mode.  This is to allow the top design properties to be set without GUI intervention.
set_property source_mgmt_mode None [current_project]
set_property top tb_mac_core [current_fileset]
# Re-enabling previously disabled source management mode.
set_property source_mgmt_mode All [current_project]
launch_simulation
source tb_mac_core.tcl
update_compile_order -fileset sources_1
close_sim
file mkdir C:/Users/nguye/Desktop/LAB/SoC/BTL/mac-tvla-verification/mac_core/mac_core.srcs/sim_1/new
set_property SOURCE_SET sources_1 [get_filesets sim_1]
close [ open C:/Users/nguye/Desktop/LAB/SoC/BTL/mac-tvla-verification/mac_core/mac_core.srcs/sim_1/new/tb_pipeline_mac_core.v w ]
add_files -fileset sim_1 C:/Users/nguye/Desktop/LAB/SoC/BTL/mac-tvla-verification/mac_core/mac_core.srcs/sim_1/new/tb_pipeline_mac_core.v
update_compile_order -fileset sim_1
# Disabling source management mode.  This is to allow the top design properties to be set without GUI intervention.
set_property source_mgmt_mode None [current_project]
set_property top tb_pipeline_mac_core [get_filesets sim_1]
set_property top_lib xil_defaultlib [get_filesets sim_1]
# Re-enabling previously disabled source management mode.
set_property source_mgmt_mode All [current_project]
update_compile_order -fileset sim_1
launch_simulation
launch_simulation
source tb_pipeline_mac_core.tcl
run 1000ns
run 1000ns
run 1000ns
close_sim
launch_simulation
source tb_pipeline_mac_core.tcl
close_sim
launch_simulation
source tb_pipeline_mac_core.tcl
run 10000
close_sim
launch_simulation
source tb_pipeline_mac_core.tcl
run 10000ns
close_sim
update_compile_order -fileset sim_1
launch_simulation
source tb_mac_core.tcl
run 10000ns
close_sim
launch_simulation
source tb_mac_core.tcl
run 10000ns
close_sim
# Disabling source management mode.  This is to allow the top design properties to be set without GUI intervention.
set_property source_mgmt_mode None [current_project]
set_property top tb_pipeline_mac_core [get_filesets sim_1]
set_property top_lib xil_defaultlib [get_filesets sim_1]
# Re-enabling previously disabled source management mode.
set_property source_mgmt_mode All [current_project]
update_compile_order -fileset sim_1
launch_simulation
launch_simulation
source tb_pipeline_mac_core.tcl
run 10000ns
run 10000ns
close_sim
# Disabling source management mode.  This is to allow the top design properties to be set without GUI intervention.
set_property source_mgmt_mode None [current_project]
set_property top tb_mac_core [get_filesets sim_1]
set_property top_lib xil_defaultlib [get_filesets sim_1]
# Re-enabling previously disabled source management mode.
set_property source_mgmt_mode All [current_project]
update_compile_order -fileset sim_1
launch_simulation
source tb_mac_core.tcl
run 10000ns
run 100000ns
close_sim
# Disabling source management mode.  This is to allow the top design properties to be set without GUI intervention.
set_property source_mgmt_mode None [current_project]
set_property top tb_pipeline_mac_core [get_filesets sim_1]
set_property top_lib xil_defaultlib [get_filesets sim_1]
# Re-enabling previously disabled source management mode.
set_property source_mgmt_mode All [current_project]
update_compile_order -fileset sim_1
launch_simulation
launch_simulation
source tb_pipeline_mac_core.tcl
run 20000ns
close_sim
# Disabling source management mode.  This is to allow the top design properties to be set without GUI intervention.
set_property source_mgmt_mode None [current_project]
set_property top tb_mac_core [get_filesets sim_1]
set_property top_lib xil_defaultlib [get_filesets sim_1]
# Re-enabling previously disabled source management mode.
set_property source_mgmt_mode All [current_project]
update_compile_order -fileset sim_1
reset_run synth_1
launch_runs impl_1 -jobs 12
wait_on_run impl_1
reset_run synth_1
# Disabling source management mode.  This is to allow the top design properties to be set without GUI intervention.
set_property source_mgmt_mode None [current_project]
set_property top tb_pipeline_mac_core [get_filesets sim_1]
set_property top_lib xil_defaultlib [get_filesets sim_1]
# Re-enabling previously disabled source management mode.
set_property source_mgmt_mode All [current_project]
update_compile_order -fileset sim_1
# Disabling source management mode.  This is to allow the top design properties to be set without GUI intervention.
set_property source_mgmt_mode None [current_project]
set_property top pipeline_mac_core [current_fileset]
# Re-enabling previously disabled source management mode.
set_property source_mgmt_mode All [current_project]
update_compile_order -fileset sources_1
launch_runs impl_1 -jobs 12
wait_on_run impl_1
open_run impl_1
reset_simulation -simset sim_1 -mode post-implementation -type timing
launch_simulation -mode post-implementation -type timing
launch_simulation -mode post-implementation -type timing
launch_simulation -mode post-synthesis -type timing
source tb_pipeline_mac_core.tcl
close_sim
launch_simulation -mode post-implementation -type timing
current_design synth_1
launch_simulation
source tb_pipeline_mac_core.tcl
close_sim
launch_simulation -mode post-implementation -type timing
current_design synth_1
reset_simulation -simset sim_1 -mode post-implementation -type timing
launch_simulation -mode post-implementation -type timing
current_design synth_1
launch_simulation -mode post-implementation -type timing
source tb_pipeline_mac_core.tcl
close_sim
current_design synth_1
launch_simulation -mode post-implementation -type timing
source tb_pipeline_mac_core.tcl
run 10000ns
run 5000ns
run 5000ns
close_sim
current_design synth_1
launch_simulation
launch_simulation
source tb_pipeline_mac_core.tcl
run 10000ns
close_sim
launch_simulation -mode post-implementation -type timing
source tb_pipeline_mac_core.tcl
run 1000ns
run 1000ns
run 2000ns
run 4000ns
run 2000ns
run 2000ns
run 4000ns
run 4000ns
close_sim
launch_simulation
source tb_pipeline_mac_core.tcl
report_utilization -name utilization_1
report_timing_summary -delay_type min_max -report_unconstrained -check_timing_verbose -max_paths 10 -input_pins -routable_nets -name timing_1
close_design
open_run impl_1
report_utilization -name utilization_1
report_utilization -file C:/Users/nguye/Desktop/LAB/SoC/BTL/mac-tvla-verification/mac_core/utilization_report.txt -name utilization_2
close_design
# Disabling source management mode.  This is to allow the top design properties to be set without GUI intervention.
set_property source_mgmt_mode None [current_project]
set_property top tb_mac_core [current_fileset]
# Re-enabling previously disabled source management mode.
set_property source_mgmt_mode All [current_project]
update_compile_order -fileset sources_1
# Disabling source management mode.  This is to allow the top design properties to be set without GUI intervention.
set_property source_mgmt_mode None [current_project]
set_property top tb_mac_core [get_filesets sim_1]
set_property top_lib xil_defaultlib [get_filesets sim_1]
# Re-enabling previously disabled source management mode.
set_property source_mgmt_mode All [current_project]
update_compile_order -fileset sim_1
launch_simulation
close_sim
launch_simulation
source tb_mac_core.tcl
close_sim
reset_run synth_1
launch_runs impl_1 -jobs 12
close_design
reset_run impl_1
launch_runs impl_1 -jobs 12
wait_on_run impl_1
# Disabling source management mode.  This is to allow the top design properties to be set without GUI intervention.
set_property source_mgmt_mode None [current_project]
set_property top mac_core [current_fileset]
# Re-enabling previously disabled source management mode.
set_property source_mgmt_mode All [current_project]
update_compile_order -fileset sources_1
reset_run synth_1
launch_runs impl_1 -jobs 12
wait_on_run impl_1
open_run impl_1
launch_simulation -mode post-implementation -type timing
source tb_mac_core.tcl
run 20000ns
close_sim
report_utilization -name utilization_1
report_utilization -file C:/Users/nguye/Desktop/LAB/SoC/BTL/mac-tvla-verification/mac_core/utilization_report.txt -name utilization_2
